Microchip MPLAB XC8 Compiler V2.41

Linker command line:

-W-3 \
  --edf=C:\Program Files\Microchip\xc8\v2.41\pic\dat\20230208172133_en.msgs \
  -cn -h+dist/default/production\learn_pic18.production.sym \
  --cmf=dist/default/production\learn_pic18.production.cmf -z -Q18F4620 \
  -oC:\Users\user\AppData\Local\Temp\xcBsg1g.1\driver_tmp_3.o \
  --defsym=__MPLAB_BUILD=1 --fixupoverflow=error \
  -Mdist/default/production/learn_pic18.production.map \
  --md=C:\Users\user\AppData\Local\Temp\xcBsg1g.1\driver_tmp_0.dat -E1 \
  -ver=XC8 Compiler --acfsm=1493 -ACODE=00h-0FFFFh -ACONST=00h-0FFFFh \
  -ASMALLCONST=01000h-010FFhx240 -AMEDIUMCONST=01000h-0FFFFh \
  -ACOMRAM=01h-07Fh -AABS1=00h-0F7Fh -ABIGRAM=01h-0F7Fh \
  -ARAM=080h-0FFh,0100h-01FFhx14,0F00h-0F7Fh -ABANK0=080h-0FFh \
  -ABANK1=0100h-01FFh -ABANK2=0200h-02FFh -ABANK3=0300h-03FFh \
  -ABANK4=0400h-04FFh -ABANK5=0500h-05FFh -ABANK6=0600h-06FFh \
  -ABANK7=0700h-07FFh -ABANK8=0800h-08FFh -ABANK9=0900h-09FFh \
  -ABANK10=0A00h-0AFFh -ABANK11=0B00h-0BFFh -ABANK12=0C00h-0CFFh \
  -ABANK13=0D00h-0DFFh -ABANK14=0E00h-0EFFh -ABANK15=0F00h-0F7Fh \
  -ASFR=0F80h-0FFFh -ABIGSFR=0F80h-0FFFh -ACONFIG=0300000h-030000Dh \
  -AIDLOC=0200000h-0200007h -AEEDATA=0F00000h-0F003FFh -peeprom_data=EEDATA \
  -preset_vec=00h,intcode=08h,intcodelo,powerup,init -pramtop=01000h \
  -psmallconst=SMALLCONST -pmediumconst=MEDIUMCONST -pconst=CONST \
  -AFARRAM=00h-00h \
  -prdata=COMRAM,nvrram=COMRAM,nvbit=COMRAM,rbss=COMRAM,rbit=COMRAM \
  -pfarbss=FARRAM,fardata=FARRAM,nvFARRAM=FARRAM \
  -pintsave_regs=BIGRAM,bigbss=BIGRAM,bigdata=BIGRAM -pbss=RAM \
  -pidata=CODE,irdata=CODE,ibigdata=CODE,ifardata=CODE -prparam=COMRAM \
  C:\Users\user\AppData\Local\Temp\xcBsg1g.1\driver_tmp_14.o \
  dist/default/production\learn_pic18.production.o 

Object code version is 3.11

Machine type is 18F4620



                Name                               Link     Load   Length Selector   Space Scale
C:\Users\user\AppData\Local\Temp\xcBsg1g.1\driver_tmp_14.o
                idloc                            200000   200000        8        0       5
                config                           300000   300000        E        0       4
                init                                  E        E        4        4       0
                reset_vec                             0        0        4        0       0
dist/default/production\learn_pic18.production.o
                intcode                               8        8        6        4       0
                idloc                            200000   200000        8        0       5
                config                           300000   300000        E        0       4
                temp                                 7F       7F        1        1       1
                smallconst                         1000     1000       50      800       0
                text88                             4ED4     4ED4        4     274F       0
                text87                             4ED0     4ED0        4     274F       0
                text86                             4ECC     4ECC        4     274F       0
                text85                             4DC2     4DC2       2A     26AE       0
                text84                             4E54     4E54       12     26AE       0
                text83                             4EB2     4EB2        6     274F       0
                text82                             4EAC     4EAC        6     274F       0
                text81                             3514     3514      12C      828       0
                text80                             4D5C     4D5C       36     26AE       0
                text79                             433E     433E       90      828       0
                text78                             42AE     42AE       90      828       0
                text77                             4026     4026       AC      828       0
                text76                             4B64     4B64       46      828       0
                text75                             4794     4794       62      828       0
                text74                             4B1C     4B1C       48      828       0
                text73                             221C     221C      27E      828       0
                text72                             445C     445C       86      828       0
                text71                             4EE0     4EE0        2     274F       0
                text70                             4D92     4D92       30     26AE       0
                text69                             4EC8     4EC8        4     274F       0
                text68                             4EC4     4EC4        4     274F       0
                text67                             4EC0     4EC0        4     274F       0
                text66                             4EBC     4EBC        4     274F       0
                text65                             4EB8     4EB8        4     274F       0
                text64                             4E3A     4E3A       1A     26AE       0
                text63                             4E20     4E20       1A     26AE       0
                text62                             4E06     4E06       1A     26AE       0
                text61                             4DEC     4DEC       1A     26AE       0
                text60                             4EDE     4EDE        2     274F       0
                text59                             2AFA     2AFA      176      828       0
                text58                             3D4A     3D4A       C4      828       0
                text57                             3F76     3F76       B0      828       0
                text56                             4C70     4C70       40      828       0
                text55                             4EDC     4EDC        2     274F       0
                text54                             3AF2     3AF2       CA      828       0
                text53                             4BAA     4BAA       44      828       0
                text52                             45E0     45E0       7A      828       0
                text51                             27EC     27EC      196      828       0
                text50                             33E8     33E8      12C      828       0
                text49                             49A0     49A0       50      828       0
                text48                             4A88     4A88       4C      828       0
                text47                             4850     4850       5A      828       0
                text46                             3188     3188      132      828       0
                text45                             3640     3640      10A      828       0
                text44                             4CEC     4CEC       38      828       0
                text43                             4E84     4E84        E     26AE       0
                text42                             4E9E     4E9E        8     274F       0
                text41                             4E76     4E76        E     26AE       0
                intcode_body                       1A1A     1A1A      466      828       0
                text39                             2982     2982      178      828       0
                text38                             3C84     3C84       C6      828       0
                text37                             3EC4     3EC4       B2      828       0
                text36                             4BEE     4BEE       42      828       0
                text35                             4EDA     4EDA        2     274F       0
                text34                             3A26     3A26       CC      828       0
                text33                             4AD4     4AD4       48      828       0
                text32                             4562     4562       7E      828       0
                text31                             2652     2652      19A      828       0
                text30                             32BA     32BA      12E      828       0
                text29                             48AA     48AA       54      828       0
                text28                             4950     4950       50      828       0
                text27                             4732     4732       62      828       0
                text26                             3056     3056      132      828       0
                text25                             4CB0     4CB0       3C      828       0
                text24                             4214     4214       9A      828       0
                text23                             417A     417A       9A      828       0
                text22                             3E0E     3E0E       B6      828       0
                text21                             4A3C     4A3C       4C      828       0
                text20                             46CC     46CC       66      828       0
                text19                             49F0     49F0       4C      828       0
                text18                             2C70     2C70      150      828       0
                text17                             3852     3852       FE      828       0
                text16                             3950     3950       D6      828       0
                text15                             1558     1558      4C2      828       0
                text14                             1E80     1E80      39C      828       0
                text13                             374A     374A      108      828       0
                text12                             249A     249A      1B8      828       0
                text11                             1050     1050      508      828       0
                text10                             48FE     48FE       52      828       0
                text9                              44E2     44E2       80      828       0
                text8                              47F6     47F6       5A      828       0
                text7                              4C30     4C30       40      828       0
                text6                              40D2     40D2       A8      828       0
                text5                              4ED8     4ED8        2     274F       0
                text4                              4EA6     4EA6        6     274F       0
                text3                              2F0C     2F0C      14A      828       0
                text2                              465A     465A       72      828       0
                text1                              2DC0     2DC0      14C      828       0
                text0                              3BBC     3BBC       C8      828       0
                cstackCOMRAM                          1        1       62        1       1
                cstackBANK0                          80       80       56       80       1
                dataBANK1                           14E      14E       37      100       1
                bssBANK1                            100      100       4E      100       1
                dataBANK0                            F0       F0       10       80       1
                bssBANK0                             D6       D6       1A       80       1
                dataCOMRAM                           74       74        B        1       1
                bssCOMRAM                            63       63       11        1       1
                cinit                              43CE     43CE       8E      828       0
                idataBANK1                         4D24     4D24       37      828       0
                idataBANK0                         4E66     4E66       10     26AE       0
                idataCOMRAM                        4E92     4E92        B     26AE       0

TOTAL           Name                               Link     Load   Length     Space
        CLASS   CODE           
                intcode                               8        8        6         0
                init                                  E        E        4         0
                reset_vec                             0        0        4         0
                text88                             4ED4     4ED4        4         0
                text87                             4ED0     4ED0        4         0
                text86                             4ECC     4ECC        4         0
                text85                             4DC2     4DC2       2A         0
                text84                             4E54     4E54       12         0
                text83                             4EB2     4EB2        6         0
                text82                             4EAC     4EAC        6         0
                text81                             3514     3514      12C         0
                text80                             4D5C     4D5C       36         0
                text79                             433E     433E       90         0
                text78                             42AE     42AE       90         0
                text77                             4026     4026       AC         0
                text76                             4B64     4B64       46         0
                text75                             4794     4794       62         0
                text74                             4B1C     4B1C       48         0
                text73                             221C     221C      27E         0
                text72                             445C     445C       86         0
                text71                             4EE0     4EE0        2         0
                text70                             4D92     4D92       30         0
                text69                             4EC8     4EC8        4         0
                text68                             4EC4     4EC4        4         0
                text67                             4EC0     4EC0        4         0
                text66                             4EBC     4EBC        4         0
                text65                             4EB8     4EB8        4         0
                text64                             4E3A     4E3A       1A         0
                text63                             4E20     4E20       1A         0
                text62                             4E06     4E06       1A         0
                text61                             4DEC     4DEC       1A         0
                text60                             4EDE     4EDE        2         0
                text59                             2AFA     2AFA      176         0
                text58                             3D4A     3D4A       C4         0
                text57                             3F76     3F76       B0         0
                text56                             4C70     4C70       40         0
                text55                             4EDC     4EDC        2         0
                text54                             3AF2     3AF2       CA         0
                text53                             4BAA     4BAA       44         0
                text52                             45E0     45E0       7A         0
                text51                             27EC     27EC      196         0
                text50                             33E8     33E8      12C         0
                text49                             49A0     49A0       50         0
                text48                             4A88     4A88       4C         0
                text47                             4850     4850       5A         0
                text46                             3188     3188      132         0
                text45                             3640     3640      10A         0
                text44                             4CEC     4CEC       38         0
                text43                             4E84     4E84        E         0
                text42                             4E9E     4E9E        8         0
                text41                             4E76     4E76        E         0
                intcode_body                       1A1A     1A1A      466         0
                text39                             2982     2982      178         0
                text38                             3C84     3C84       C6         0
                text37                             3EC4     3EC4       B2         0
                text36                             4BEE     4BEE       42         0
                text35                             4EDA     4EDA        2         0
                text34                             3A26     3A26       CC         0
                text33                             4AD4     4AD4       48         0
                text32                             4562     4562       7E         0
                text31                             2652     2652      19A         0
                text30                             32BA     32BA      12E         0
                text29                             48AA     48AA       54         0
                text28                             4950     4950       50         0
                text27                             4732     4732       62         0
                text26                             3056     3056      132         0
                text25                             4CB0     4CB0       3C         0
                text24                             4214     4214       9A         0
                text23                             417A     417A       9A         0
                text22                             3E0E     3E0E       B6         0
                text21                             4A3C     4A3C       4C         0
                text20                             46CC     46CC       66         0
                text19                             49F0     49F0       4C         0
                text18                             2C70     2C70      150         0
                text17                             3852     3852       FE         0
                text16                             3950     3950       D6         0
                text15                             1558     1558      4C2         0
                text14                             1E80     1E80      39C         0
                text13                             374A     374A      108         0
                text12                             249A     249A      1B8         0
                text11                             1050     1050      508         0
                text10                             48FE     48FE       52         0
                text9                              44E2     44E2       80         0
                text8                              47F6     47F6       5A         0
                text7                              4C30     4C30       40         0
                text6                              40D2     40D2       A8         0
                text5                              4ED8     4ED8        2         0
                text4                              4EA6     4EA6        6         0
                text3                              2F0C     2F0C      14A         0
                text2                              465A     465A       72         0
                text1                              2DC0     2DC0      14C         0
                text0                              3BBC     3BBC       C8         0
                cinit                              43CE     43CE       8E         0
                idataBANK1                         4D24     4D24       37         0
                idataBANK0                         4E66     4E66       10         0
                idataCOMRAM                        4E92     4E92        B         0

        CLASS   CONST          

        CLASS   SMALLCONST     
                smallconst                         1000     1000       50         0

        CLASS   MEDIUMCONST    

        CLASS   COMRAM         
                temp                                 7F       7F        1         1
                cstackCOMRAM                          1        1       62         1
                dataCOMRAM                           74       74        B         1
                bssCOMRAM                            63       63       11         1

        CLASS   ABS1           

        CLASS   BIGRAM         

        CLASS   RAM            

        CLASS   BANK0          
                cstackBANK0                          80       80       56         1
                dataBANK0                            F0       F0       10         1
                bssBANK0                             D6       D6       1A         1

        CLASS   BANK1          
                dataBANK1                           14E      14E       37         1
                bssBANK1                            100      100       4E         1

        CLASS   BANK2          

        CLASS   BANK3          

        CLASS   BANK4          

        CLASS   BANK5          

        CLASS   BANK6          

        CLASS   BANK7          

        CLASS   BANK8          

        CLASS   BANK9          

        CLASS   BANK10         

        CLASS   BANK11         

        CLASS   BANK12         

        CLASS   BANK13         

        CLASS   BANK14         

        CLASS   BANK15         

        CLASS   SFR            

        CLASS   BIGSFR         

        CLASS   CONFIG         
                config                           300000   300000        E         4

        CLASS   IDLOC          
                idloc                            200000   200000        8         5

        CLASS   EEDATA         

        CLASS   FARRAM         

        CLASS   HEAP           

        CLASS   STACK          



SEGMENTS        Name                           Load    Length   Top    Selector   Space  Class

                reset_vec                      000000  000004  000004         0       0  CODE    
                cstackCOMRAM                   000001  00007F  000080         1       1  COMRAM  
                intcode                        000008  00000A  000012         4       0  CODE    
                cstackBANK0                    000080  000080  000100        80       1  BANK0   
                bssBANK1                       000100  000085  000185       100       1  BANK1   
                smallconst                     001000  000050  001050       800       0  SMALLCON
                text11                         001050  003D0B  004D5B       828       0  CODE    
                text80                         004D5C  000141  004E9D      26AE       0  CODE    
                text42                         004E9E  000044  004EE2      274F       0  CODE    


UNUSED ADDRESS RANGES

        Name                Unused          Largest block    Delta
        BANK1            000185-0001FF               7B
        BANK10           000A00-000AFF              100
        BANK11           000B00-000BFF              100
        BANK12           000C00-000CFF              100
        BANK13           000D00-000DFF              100
        BANK14           000E00-000EFF              100
        BANK15           000F00-000F7F               80
        BANK2            000200-0002FF              100
        BANK3            000300-0003FF              100
        BANK4            000400-0004FF              100
        BANK5            000500-0005FF              100
        BANK6            000600-0006FF              100
        BANK7            000700-0007FF              100
        BANK8            000800-0008FF              100
        BANK9            000900-0009FF              100
        BIGRAM           000185-000F7F              DFB
        BIGSFR           000F80-000FFF               80
        CODE             000004-000007                4
                         000012-000FFF              FEE
                         004D5B-004D5B                1
                         004E9D-004E9D                1
                         004EE2-00FFFF             B11E
        CONST            000004-000007                4
                         000012-000FFF              FEE
                         004D5B-004D5B                1
                         004E9D-004E9D                1
                         004EE2-00FFFF             B11E
        EEDATA           F00000-F003FF              400
        MEDIUMCONST      004D5B-004D5B                1
                         004E9D-004E9D                1
                         004EE2-00FFFF             B11E
        RAM              000185-000F7F              100
        SFR              000F80-000FFF               80
        SMALLCONST       004D5B-004D5B                1
                         004E9D-004E9D                1
                         004EE2-00FFFF              100

                                  Symbol Table

?___awdiv                                      cstackBANK0  000080
?___awmod                                      cstackBANK0  000080
?___fladd                                      cstackBANK0  0000A7
?___fldiv                                      cstackBANK0  00008E
?___fltol                                      cstackBANK0  000080
?___xxtofl                                     cstackBANK0  000080
?_abs                                          cstackBANK0  000086
?_sprintf                                      cstackBANK0  0000BE
?_vfprintf                                     cstackBANK0  0000B6
?i2___awdiv                                    cstackCOMRAM 000001
?i2___awmod                                    cstackCOMRAM 000001
?i2_abs                                        cstackCOMRAM 000007
?i2_sprintf                                    cstackCOMRAM 00003F
?i2_vfprintf                                   cstackCOMRAM 000037
CCP_Compare_Mode_Set_Value@F3293               bssBANK1     000124
EUSART_ASYNC_Init@_eusart                      cstackBANK0  0000C3
EUSART_ASYNC_Init@ret                          cstackBANK0  0000C5
EUSART_ASYNC_ReadByte_WithOutBlocking@_data    cstackCOMRAM 000001
EUSART_ASYNC_ReadByte_WithOutBlocking@ret      cstackCOMRAM 000003
EUSART_ASYNC_Rx_Init@_eusart                   cstackBANK0  000080
EUSART_ASYNC_Tx_Init@_eusart                   cstackBANK0  000080
EUSART_BaudRate_Calculations@Baud_Rate_Temp    cstackBANK0  0000BB
EUSART_BaudRate_Calculations@_eusart           cstackBANK0  0000B7
Framing_error_int_solution_func@framing_data   cstackCOMRAM 000004
RB4_ISR@RB4_Source                             cstackCOMRAM 000001
RB5_ISR@RB5_Source                             cstackCOMRAM 000001
RB6_ISR@RB6_Source                             cstackCOMRAM 000001
RB7_ISR@RB7_Source                             cstackCOMRAM 000001
Rx_int_func@ret                                cstackCOMRAM 000025
SPI_Master_Mode_Pins_Config@F3259              dataCOMRAM   00007A
SPI_Master_Mode_Pins_Config@F3261              dataCOMRAM   000079
SPI_Master_Mode_Pins_Config@F3263              dataCOMRAM   000078
SPI_Slave_Mode_Pins_Config@F3268               dataCOMRAM   000077
SPI_Slave_Mode_Pins_Config@F3270               dataCOMRAM   000076
SPI_Slave_Mode_Pins_Config@F3272               dataCOMRAM   000075
SPI_Slave_Mode_Pins_Config@F3274               dataCOMRAM   000074
TIMER0_Init@_timer                             cstackBANK0  000083
TIMER0_Init@ret                                cstackBANK0  000087
Timer0_Mode_config@_timer                      cstackBANK0  000080
Timer0_Prescaler_config@_timer                 cstackBANK0  000080
Timer0_Register_Size_config@_timer             cstackBANK0  000080
_ADCON0bits                                    (abs)        000FC2
_ADCON1bits                                    (abs)        000FC1
_ADCON2bits                                    (abs)        000FC0
_ADC_ISR                                       text88       004ED4
_ADC_InterruptHandler                          bssBANK0     0000EE
_ADRESH                                        (abs)        000FC4
_ADRESL                                        (abs)        000FC3
_AM_PM_flag                                    bssCOMRAM    000064
_BAUDCONbits                                   (abs)        000FB8
_CCP1CONbits                                   (abs)        000FBD
_CCP1_ISR                                      text87       004ED0
_CCP1_InterruptHandler                         bssBANK0     0000EC
_CCP2CONbits                                   (abs)        000FBA
_CCP2_ISR                                      text86       004ECC
_CCP2_InterruptHandler                         bssBANK0     0000EA
_CCPR1H                                        (abs)        000FBF
_CCPR1L                                        (abs)        000FBE
_CCPR2H                                        (abs)        000FBC
_CCPR2L                                        (abs)        000FBB
_Clock_write_digits                            text18       002C70
_EEADR                                         (abs)        000FA9
_EEADRH                                        (abs)        000FAA
_EECON1bits                                    (abs)        000FA6
_EECON2                                        (abs)        000FA7
_EEDATA                                        (abs)        000FA8
_EUSART_ASYNC_Init                             text10       0048FE
_EUSART_ASYNC_ReadByte_WithOutBlocking         text85       004DC2
_EUSART_ASYNC_Rx_Init                          text17       003852
_EUSART_ASYNC_Rx_Restart                       text83       004EB2
_EUSART_ASYNC_Tx_Init                          text16       003950
_EUSART_BaudRate_Calculations                  text11       001050
_EUSART_BaudRate_Calculations$5437             cstackBANK0  0000BF
_EUSART_FramingErrorInterruptHandler           bssBANK0     0000DC
_EUSART_OverrunErrorInterruptHandler           bssBANK0     0000DA
_EUSART_RX_ISR                                 text72       00445C
_EUSART_RxDefaultInterruptHandler              bssBANK0     0000DE
_EUSART_TX_ISR                                 text70       004D92
_EUSART_TxDefaultInterruptHandler              bssBANK0     0000E0
_Framing_error_int_solution_func               text84       004E54
_I2C_BC_ISR                                    text69       004EC8
_I2C_ISR                                       text68       004EC4
_I2C_InterruptHandler                          bssBANK1     000104
_I2C_Report_Receive_Overflow                   bssBANK1     000100
_I2C_Report_Write_Collision                    bssBANK1     000102
_INT0_ISR                                      text67       004EC0
_INT0_InterruptHandler                         bssBANK1     000122
_INT1_ISR                                      text66       004EBC
_INT1_InterruptHandler                         bssBANK1     000120
_INT2_ISR                                      text65       004EB8
_INT2_InterruptHandler                         bssBANK1     00011E
_INTCON2bits                                   (abs)        000FF1
_INTCON3bits                                   (abs)        000FF0
_INTCONbits                                    (abs)        000FF2
_InterruptManager                              intcode      000008
_LATA                                          (abs)        000F89
_LATB                                          (abs)        000F8A
_LATC                                          (abs)        000F8B
_LATD                                          (abs)        000F8C
_LATE                                          (abs)        000F8D
_Overrun_error_int_solution_func               text82       004EAC
_PIE1bits                                      (abs)        000F9D
_PIE2bits                                      (abs)        000FA0
_PIR1bits                                      (abs)        000F9E
_PIR2bits                                      (abs)        000FA1
_PORTA                                         (abs)        000F80
_PORTB                                         (abs)        000F81
_PORTBbits                                     (abs)        000F81
_PORTC                                         (abs)        000F82
_PORTD                                         (abs)        000F83
_PORTE                                         (abs)        000F84
_RB4_Flag                                      dataCOMRAM   00007E
_RB4_ISR                                       text64       004E3A
_RB4_InterruptHandler_ChangedTOHigh            bssBANK1     00011C
_RB4_InterruptHandler_ChangedTOLow             bssBANK1     00011A
_RB5_Flag                                      dataCOMRAM   00007D
_RB5_ISR                                       text63       004E20
_RB5_InterruptHandler_ChangedTOHigh            bssBANK1     000118
_RB5_InterruptHandler_ChangedTOLow             bssBANK1     000116
_RB6_Flag                                      dataCOMRAM   00007C
_RB6_ISR                                       text62       004E06
_RB6_InterruptHandler_ChangedTOHigh            bssBANK1     000114
_RB6_InterruptHandler_ChangedTOLow             bssBANK1     000112
_RB7_Flag                                      dataCOMRAM   00007B
_RB7_ISR                                       text61       004DEC
_RB7_InterruptHandler_ChangedTOHigh            bssBANK1     000110
_RB7_InterruptHandler_ChangedTOLow             bssBANK1     00010E
_RCREG                                         (abs)        000FAE
_RCSTAbits                                     (abs)        000FAB
_Rx_counter                                    bssCOMRAM    000065
_Rx_int_func                                   text73       00221C
_SPBRG                                         (abs)        000FAF
_SPBRGH                                        (abs)        000FB0
_SPI_ISR                                       text60       004EDE
_SPI_InterruptHandler                          bssBANK1     00010C
_SSPADD                                        (abs)        000FC8
_SSPBUF                                        (abs)        000FC9
_SSPCON1bits                                   (abs)        000FC6
_SSPCON2bits                                   (abs)        000FC5
_SSPSTATbits                                   (abs)        000FC7
_T0CONbits                                     (abs)        000FD5
_T1CONbits                                     (abs)        000FCD
_T2CONbits                                     (abs)        000FCA
_T3CONbits                                     (abs)        000FB1
_TIMER0_Init                                   text6        0040D2
_TMR0H                                         (abs)        000FD7
_TMR0L                                         (abs)        000FD6
_TMR0_ISR                                      text44       004CEC
_TMR0_InterruptHandler                         bssBANK0     0000E8
_TMR0_int_handler                              text45       003640
_TMR1H                                         (abs)        000FCF
_TMR1L                                         (abs)        000FCE
_TMR1_ISR                                      text43       004E84
_TMR1_InterruptHandler                         bssBANK1     00010A
_TMR2                                          (abs)        000FCC
_TMR2_ISR                                      text42       004E9E
_TMR2_InterruptHandler                         bssBANK1     000108
_TMR3H                                         (abs)        000FB3
_TMR3L                                         (abs)        000FB2
_TMR3_ISR                                      text41       004E76
_TMR3_InterruptHandler                         bssBANK1     000106
_TRISA                                         (abs)        000F92
_TRISB                                         (abs)        000F93
_TRISC                                         (abs)        000F94
_TRISCbits                                     (abs)        000F94
_TRISD                                         (abs)        000F95
_TRISE                                         (abs)        000F96
_TXREG                                         (abs)        000FAD
_TXSTAbits                                     (abs)        000FAC
_Timer0_Mode_config                            text9        0044E2
_Timer0_Prescaler_config                       text8        0047F6
_Timer0_Register_Size_config                   text7        004C30
_Tx_int_func                                   text71       004EE0
__HRAM                                         (abs)        000000
__H__absolute__                                __absolute__ 000000
__Habs1                                        abs1         000000
__Hbank0                                       bank0        000000
__Hbank1                                       bank1        000000
__Hbank10                                      bank10       000000
__Hbank11                                      bank11       000000
__Hbank12                                      bank12       000000
__Hbank13                                      bank13       000000
__Hbank14                                      bank14       000000
__Hbank15                                      bank15       000000
__Hbank2                                       bank2        000000
__Hbank3                                       bank3        000000
__Hbank4                                       bank4        000000
__Hbank5                                       bank5        000000
__Hbank6                                       bank6        000000
__Hbank7                                       bank7        000000
__Hbank8                                       bank8        000000
__Hbank9                                       bank9        000000
__Hbigbss                                      bigbss       000000
__Hbigdata                                     bigdata      000000
__Hbigram                                      bigram       000000
__Hbigsfr                                      bigsfr       000000
__Hbss                                         bss          000000
__HbssBANK0                                    bssBANK0     000000
__HbssBANK1                                    bssBANK1     000000
__HbssCOMRAM                                   bssCOMRAM    000000
__Hcinit                                       cinit        000000
__Hclrtext                                     clrtext      000000
__Hcomram                                      comram       000000
__Hconfig                                      config       30000E
__Hconst                                       const        000000
__HcstackBANK0                                 cstackBANK0  000000
__HcstackCOMRAM                                cstackCOMRAM 000000
__Hdata                                        data         000000
__HdataBANK0                                   dataBANK0    000000
__HdataBANK1                                   dataBANK1    000000
__HdataCOMRAM                                  dataCOMRAM   000000
__Heeprom_data                                 eeprom_data  000000
__Hfarbss                                      farbss       000000
__Hfardata                                     fardata      000000
__Hheap                                        heap         000000
__Hibigdata                                    ibigdata     000000
__Hidata                                       idata        000000
__HidataBANK0                                  idataBANK0   000000
__HidataBANK1                                  idataBANK1   000000
__HidataCOMRAM                                 idataCOMRAM  000000
__Hidloc                                       idloc        200008
__Hifardata                                    ifardata     000000
__Hinit                                        init         000012
__Hintcode                                     intcode      00000E
__Hintcode_body                                intcode_body 000000
__Hintcodelo                                   intcodelo    00000E
__Hintentry                                    intentry     000000
__Hintret                                      intret       000000
__Hintsave_regs                                intsave_regs 000000
__Hirdata                                      irdata       000000
__Hmediumconst                                 mediumconst  000000
__HnvFARRAM                                    nvFARRAM     000000
__Hnvbit                                       nvbit        000000
__Hnvrram                                      nvrram       000000
__Hparam                                       rparam       000000
__Hpowerup                                     powerup      00000E
__Hram                                         ram          000000
__Hramtop                                      ramtop       001000
__Hrbit                                        rbit         000000
__Hrbss                                        rbss         000000
__Hrdata                                       rdata        000000
__Hreset_vec                                   reset_vec    000004
__Hrparam                                      rparam       000000
__Hsfr                                         sfr          000000
__Hsmallconst                                  smallconst   001050
__Hspace_0                                     (abs)        004EE2
__Hspace_1                                     (abs)        000185
__Hspace_2                                     (abs)        000000
__Hspace_4                                     (abs)        60000E
__Hstack                                       stack        000000
__Hstruct                                      struct       000000
__Htemp                                        temp         000080
__Htext                                        text         000000
__Htext0                                       text0        000000
__Htext1                                       text1        000000
__Htext10                                      text10       000000
__Htext11                                      text11       000000
__Htext12                                      text12       000000
__Htext13                                      text13       000000
__Htext14                                      text14       000000
__Htext15                                      text15       000000
__Htext16                                      text16       000000
__Htext17                                      text17       000000
__Htext18                                      text18       000000
__Htext19                                      text19       000000
__Htext2                                       text2        000000
__Htext20                                      text20       000000
__Htext21                                      text21       000000
__Htext22                                      text22       000000
__Htext23                                      text23       000000
__Htext24                                      text24       000000
__Htext25                                      text25       000000
__Htext26                                      text26       000000
__Htext27                                      text27       000000
__Htext28                                      text28       000000
__Htext29                                      text29       000000
__Htext3                                       text3        000000
__Htext30                                      text30       000000
__Htext31                                      text31       000000
__Htext32                                      text32       000000
__Htext33                                      text33       000000
__Htext34                                      text34       000000
__Htext35                                      text35       000000
__Htext36                                      text36       000000
__Htext37                                      text37       000000
__Htext38                                      text38       000000
__Htext39                                      text39       000000
__Htext4                                       text4        000000
__Htext41                                      text41       000000
__Htext42                                      text42       000000
__Htext43                                      text43       000000
__Htext44                                      text44       000000
__Htext45                                      text45       000000
__Htext46                                      text46       000000
__Htext47                                      text47       000000
__Htext48                                      text48       000000
__Htext49                                      text49       000000
__Htext5                                       text5        000000
__Htext50                                      text50       000000
__Htext51                                      text51       000000
__Htext52                                      text52       000000
__Htext53                                      text53       000000
__Htext54                                      text54       000000
__Htext55                                      text55       000000
__Htext56                                      text56       000000
__Htext57                                      text57       000000
__Htext58                                      text58       000000
__Htext59                                      text59       000000
__Htext6                                       text6        000000
__Htext60                                      text60       000000
__Htext61                                      text61       000000
__Htext62                                      text62       000000
__Htext63                                      text63       000000
__Htext64                                      text64       000000
__Htext65                                      text65       000000
__Htext66                                      text66       000000
__Htext67                                      text67       000000
__Htext68                                      text68       000000
__Htext69                                      text69       000000
__Htext7                                       text7        000000
__Htext70                                      text70       000000
__Htext71                                      text71       000000
__Htext72                                      text72       000000
__Htext73                                      text73       000000
__Htext74                                      text74       000000
__Htext75                                      text75       000000
__Htext76                                      text76       000000
__Htext77                                      text77       000000
__Htext78                                      text78       000000
__Htext79                                      text79       000000
__Htext8                                       text8        000000
__Htext80                                      text80       000000
__Htext81                                      text81       000000
__Htext82                                      text82       000000
__Htext83                                      text83       000000
__Htext84                                      text84       000000
__Htext85                                      text85       000000
__Htext86                                      text86       000000
__Htext87                                      text87       000000
__Htext88                                      text88       000000
__Htext89                                      text89       000000
__Htext9                                       text9        000000
__LRAM                                         (abs)        000001
__L__absolute__                                __absolute__ 000000
__Labs1                                        abs1         000000
__Lbank0                                       bank0        000000
__Lbank1                                       bank1        000000
__Lbank10                                      bank10       000000
__Lbank11                                      bank11       000000
__Lbank12                                      bank12       000000
__Lbank13                                      bank13       000000
__Lbank14                                      bank14       000000
__Lbank15                                      bank15       000000
__Lbank2                                       bank2        000000
__Lbank3                                       bank3        000000
__Lbank4                                       bank4        000000
__Lbank5                                       bank5        000000
__Lbank6                                       bank6        000000
__Lbank7                                       bank7        000000
__Lbank8                                       bank8        000000
__Lbank9                                       bank9        000000
__Lbigbss                                      bigbss       000000
__Lbigdata                                     bigdata      000000
__Lbigram                                      bigram       000000
__Lbigsfr                                      bigsfr       000000
__Lbss                                         bss          000000
__LbssBANK0                                    bssBANK0     000000
__LbssBANK1                                    bssBANK1     000000
__LbssCOMRAM                                   bssCOMRAM    000000
__Lcinit                                       cinit        000000
__Lclrtext                                     clrtext      000000
__Lcomram                                      comram       000000
__Lconfig                                      config       000000
__Lconst                                       const        000000
__LcstackBANK0                                 cstackBANK0  000000
__LcstackCOMRAM                                cstackCOMRAM 000000
__Ldata                                        data         000000
__LdataBANK0                                   dataBANK0    000000
__LdataBANK1                                   dataBANK1    000000
__LdataCOMRAM                                  dataCOMRAM   000000
__Leeprom_data                                 eeprom_data  000000
__Lfarbss                                      farbss       000000
__Lfardata                                     fardata      000000
__Lheap                                        heap         000000
__Libigdata                                    ibigdata     000000
__Lidata                                       idata        000000
__LidataBANK0                                  idataBANK0   000000
__LidataBANK1                                  idataBANK1   000000
__LidataCOMRAM                                 idataCOMRAM  000000
__Lidloc                                       idloc        000000
__Lifardata                                    ifardata     000000
__Linit                                        init         00000E
__Lintcode                                     intcode      000008
__Lintcode_body                                intcode_body 000000
__Lintcodelo                                   intcodelo    00000E
__Lintentry                                    intentry     000000
__Lintret                                      intret       000000
__Lintsave_regs                                intsave_regs 000000
__Lirdata                                      irdata       000000
__Lmediumconst                                 mediumconst  000000
__LnvFARRAM                                    nvFARRAM     000000
__Lnvbit                                       nvbit        000000
__Lnvrram                                      nvrram       000000
__Lparam                                       rparam       000000
__Lpowerup                                     powerup      00000E
__Lram                                         ram          000000
__Lramtop                                      ramtop       001000
__Lrbit                                        rbit         000000
__Lrbss                                        rbss         000000
__Lrdata                                       rdata        000000
__Lreset_vec                                   reset_vec    000000
__Lrparam                                      rparam       000000
__Lsfr                                         sfr          000000
__Lsmallconst                                  smallconst   001000
__Lspace_0                                     (abs)        000000
__Lspace_1                                     (abs)        000000
__Lspace_2                                     (abs)        000000
__Lspace_4                                     (abs)        000000
__Lstack                                       stack        000000
__Lstruct                                      struct       000000
__Ltemp                                        temp         00007F
__Ltext                                        text         000000
__Ltext0                                       text0        000000
__Ltext1                                       text1        000000
__Ltext10                                      text10       000000
__Ltext11                                      text11       000000
__Ltext12                                      text12       000000
__Ltext13                                      text13       000000
__Ltext14                                      text14       000000
__Ltext15                                      text15       000000
__Ltext16                                      text16       000000
__Ltext17                                      text17       000000
__Ltext18                                      text18       000000
__Ltext19                                      text19       000000
__Ltext2                                       text2        000000
__Ltext20                                      text20       000000
__Ltext21                                      text21       000000
__Ltext22                                      text22       000000
__Ltext23                                      text23       000000
__Ltext24                                      text24       000000
__Ltext25                                      text25       000000
__Ltext26                                      text26       000000
__Ltext27                                      text27       000000
__Ltext28                                      text28       000000
__Ltext29                                      text29       000000
__Ltext3                                       text3        000000
__Ltext30                                      text30       000000
__Ltext31                                      text31       000000
__Ltext32                                      text32       000000
__Ltext33                                      text33       000000
__Ltext34                                      text34       000000
__Ltext35                                      text35       000000
__Ltext36                                      text36       000000
__Ltext37                                      text37       000000
__Ltext38                                      text38       000000
__Ltext39                                      text39       000000
__Ltext4                                       text4        000000
__Ltext41                                      text41       000000
__Ltext42                                      text42       000000
__Ltext43                                      text43       000000
__Ltext44                                      text44       000000
__Ltext45                                      text45       000000
__Ltext46                                      text46       000000
__Ltext47                                      text47       000000
__Ltext48                                      text48       000000
__Ltext49                                      text49       000000
__Ltext5                                       text5        000000
__Ltext50                                      text50       000000
__Ltext51                                      text51       000000
__Ltext52                                      text52       000000
__Ltext53                                      text53       000000
__Ltext54                                      text54       000000
__Ltext55                                      text55       000000
__Ltext56                                      text56       000000
__Ltext57                                      text57       000000
__Ltext58                                      text58       000000
__Ltext59                                      text59       000000
__Ltext6                                       text6        000000
__Ltext60                                      text60       000000
__Ltext61                                      text61       000000
__Ltext62                                      text62       000000
__Ltext63                                      text63       000000
__Ltext64                                      text64       000000
__Ltext65                                      text65       000000
__Ltext66                                      text66       000000
__Ltext67                                      text67       000000
__Ltext68                                      text68       000000
__Ltext69                                      text69       000000
__Ltext7                                       text7        000000
__Ltext70                                      text70       000000
__Ltext71                                      text71       000000
__Ltext72                                      text72       000000
__Ltext73                                      text73       000000
__Ltext74                                      text74       000000
__Ltext75                                      text75       000000
__Ltext76                                      text76       000000
__Ltext77                                      text77       000000
__Ltext78                                      text78       000000
__Ltext79                                      text79       000000
__Ltext8                                       text8        000000
__Ltext80                                      text80       000000
__Ltext81                                      text81       000000
__Ltext82                                      text82       000000
__Ltext83                                      text83       000000
__Ltext84                                      text84       000000
__Ltext85                                      text85       000000
__Ltext86                                      text86       000000
__Ltext87                                      text87       000000
__Ltext88                                      text88       000000
__Ltext89                                      text89       000000
__Ltext9                                       text9        000000
__S0                                           (abs)        004EE2
__S1                                           (abs)        000185
__S4                                           (abs)        000000
__S5                                           (abs)        000000
___awdiv                                       text38       003C84
___awdiv@counter                               cstackBANK0  000084
___awdiv@dividend                              cstackBANK0  000080
___awdiv@divisor                               cstackBANK0  000082
___awdiv@quotient                              cstackBANK0  000086
___awdiv@sign                                  cstackBANK0  000085
___awmod                                       text37       003EC4
___awmod@counter                               cstackBANK0  000084
___awmod@dividend                              cstackBANK0  000080
___awmod@divisor                               cstackBANK0  000082
___awmod@sign                                  cstackBANK0  000085
___fladd                                       text15       001558
___fladd@a                                     cstackBANK0  0000AB
___fladd@aexp                                  cstackBANK0  0000B4
___fladd@b                                     cstackBANK0  0000A7
___fladd@bexp                                  cstackBANK0  0000B5
___fladd@grs                                   cstackBANK0  0000B6
___fladd@signs                                 cstackBANK0  0000B3
___fldiv                                       text14       001E80
___fldiv@a                                     cstackBANK0  000092
___fldiv@aexp                                  cstackBANK0  0000A6
___fldiv@b                                     cstackBANK0  00008E
___fldiv@bexp                                  cstackBANK0  0000A5
___fldiv@grs                                   cstackBANK0  0000A1
___fldiv@new_exp                               cstackBANK0  00009F
___fldiv@rem                                   cstackBANK0  00009A
___fldiv@sign                                  cstackBANK0  00009E
___fltol                                       text13       00374A
___fltol@exp1                                  cstackBANK0  000089
___fltol@f1                                    cstackBANK0  000080
___fltol@sign1                                 cstackBANK0  000088
___heap_hi                                     (abs)        000000
___heap_lo                                     (abs)        000000
___inthi_sp                                    stack        000000
___intlo_sp                                    stack        000000
___param_bank                                  (abs)        000000
___rparam_used                                 (abs)        000001
___sp                                          stack        000000
___xxtofl                                      text12       00249A
___xxtofl@arg                                  cstackBANK0  00008A
___xxtofl@exp                                  cstackBANK0  000089
___xxtofl@sign                                 cstackBANK0  000088
___xxtofl@val                                  cstackBANK0  000080
__accesstop                                    (abs)        000080
__activetblptr                                 (abs)        000003
__end_of_ADC_ISR                               text88       004ED8
__end_of_CCP1_ISR                              text87       004ED4
__end_of_CCP2_ISR                              text86       004ED0
__end_of_Clock_write_digits                    text18       002DC0
__end_of_EUSART_ASYNC_Init                     text10       004950
__end_of_EUSART_ASYNC_ReadByte_WithOutBlocking text85       004DEC
__end_of_EUSART_ASYNC_Rx_Init                  text17       003950
__end_of_EUSART_ASYNC_Rx_Restart               text83       004EB8
__end_of_EUSART_ASYNC_Tx_Init                  text16       003A26
__end_of_EUSART_BaudRate_Calculations          text11       001558
__end_of_EUSART_RX_ISR                         text72       0044E2
__end_of_EUSART_TX_ISR                         text70       004DC2
__end_of_Framing_error_int_solution_func       text84       004E66
__end_of_I2C_BC_ISR                            text69       004ECC
__end_of_I2C_ISR                               text68       004EC8
__end_of_INT0_ISR                              text67       004EC4
__end_of_INT1_ISR                              text66       004EC0
__end_of_INT2_ISR                              text65       004EBC
__end_of_InterruptManager                      intcode_body 001E80
__end_of_Overrun_error_int_solution_func       text82       004EB2
__end_of_RB4_ISR                               text64       004E54
__end_of_RB5_ISR                               text63       004E3A
__end_of_RB6_ISR                               text62       004E20
__end_of_RB7_ISR                               text61       004E06
__end_of_Rx_int_func                           text73       00249A
__end_of_SPI_ISR                               text60       004EE0
__end_of_TIMER0_Init                           text6        00417A
__end_of_TMR0_ISR                              text44       004D24
__end_of_TMR0_int_handler                      text45       00374A
__end_of_TMR1_ISR                              text43       004E92
__end_of_TMR2_ISR                              text42       004EA6
__end_of_TMR3_ISR                              text41       004E84
__end_of_Timer0_Mode_config                    text9        004562
__end_of_Timer0_Prescaler_config               text8        004850
__end_of_Timer0_Register_Size_config           text7        004C70
__end_of_Tx_int_func                           text71       004EE2
__end_of___awdiv                               text38       003D4A
__end_of___awmod                               text37       003F76
__end_of___fladd                               text15       001A1A
__end_of___fldiv                               text14       00221C
__end_of___fltol                               text13       003852
__end_of___xxtofl                              text12       002652
__end_of__initialization                       cinit        004452
__end_of_abs                                   text36       004C30
__end_of_application_initialize                text4        004EAC
__end_of_convert_uint8_to_string               text27       004794
__end_of_dtoa                                  text31       0027EC
__end_of_ecu_layer_initialize                  text5        004EDA
__end_of_fputc                                 text34       003AF2
__end_of_fputs                                 text33       004B1C
__end_of_gpio_pin_direction_intialize          text3        003056
__end_of_gpio_pin_intialize                    text2        0046CC
__end_of_gpio_pin_write_logic                  text26       003188
__end_of_keypad_btn_values                     smallconst   001011
__end_of_lcd_8bit_initialize                   text1        002F0C
__end_of_lcd_8bit_send_char_data               text24       0042AE
__end_of_lcd_8bit_send_char_data_pos           text21       004A88
__end_of_lcd_8bit_send_command                 text23       004214
__end_of_lcd_8bit_send_string                  text20       004732
__end_of_lcd_8bit_send_string_pos              text19       004A3C
__end_of_lcd_8bits_send_enable_signal          text25       004CEC
__end_of_lcd_8bits_set_cursor                  text22       003EC4
__end_of_main                                  text0        003C84
__end_of_memset                                text39       002AFA
__end_of_pad                                   text32       0045E0
__end_of_putch                                 text35       004EDC
__end_of_sprintf                               text28       0049A0
__end_of_vfpfcnvrt                             text30       0033E8
__end_of_vfprintf                              text29       0048FE
__end_ofi2_Clock_write_digits                  text46       0032BA
__end_ofi2___awdiv                             text58       003E0E
__end_ofi2___awmod                             text57       004026
__end_ofi2_abs                                 text56       004CB0
__end_ofi2_convert_uint8_to_string             text47       0048AA
__end_ofi2_dtoa                                text51       002982
__end_ofi2_fputc                               text54       003BBC
__end_ofi2_fputs                               text53       004BEE
__end_ofi2_gpio_pin_write_logic                text81       003640
__end_ofi2_lcd_8bit_send_char_data             text79       0043CE
__end_ofi2_lcd_8bit_send_char_data_pos         text76       004BAA
__end_ofi2_lcd_8bit_send_command               text78       00433E
__end_ofi2_lcd_8bit_send_string                text75       0047F6
__end_ofi2_lcd_8bit_send_string_pos            text74       004B64
__end_ofi2_lcd_8bits_send_enable_signal        text80       004D92
__end_ofi2_lcd_8bits_set_cursor                text77       0040D2
__end_ofi2_memset                              text59       002C70
__end_ofi2_pad                                 text52       00465A
__end_ofi2_putch                               text55       004EDE
__end_ofi2_sprintf                             text48       004AD4
__end_ofi2_vfpfcnvrt                           text50       003514
__end_ofi2_vfprintf                            text49       0049F0
__initialization                               cinit        0043CE
__mediumconst                                  mediumconst  000000
__pbssBANK0                                    bssBANK0     0000D6
__pbssBANK1                                    bssBANK1     000100
__pbssCOMRAM                                   bssCOMRAM    000063
__pcinit                                       cinit        0043CE
__pcstackBANK0                                 cstackBANK0  000080
__pcstackCOMRAM                                cstackCOMRAM 000001
__pdataBANK0                                   dataBANK0    0000F0
__pdataBANK1                                   dataBANK1    00014E
__pdataCOMRAM                                  dataCOMRAM   000074
__pidataBANK0                                  idataBANK0   004E66
__pidataBANK1                                  idataBANK1   004D24
__pidataCOMRAM                                 idataCOMRAM  004E92
__pintcode                                     intcode      000008
__pintcode_body                                intcode_body 001A1A
__psmallconst                                  smallconst   001000
__ptext0                                       text0        003BBC
__ptext1                                       text1        002DC0
__ptext10                                      text10       0048FE
__ptext11                                      text11       001050
__ptext12                                      text12       00249A
__ptext13                                      text13       00374A
__ptext14                                      text14       001E80
__ptext15                                      text15       001558
__ptext16                                      text16       003950
__ptext17                                      text17       003852
__ptext18                                      text18       002C70
__ptext19                                      text19       0049F0
__ptext2                                       text2        00465A
__ptext20                                      text20       0046CC
__ptext21                                      text21       004A3C
__ptext22                                      text22       003E0E
__ptext23                                      text23       00417A
__ptext24                                      text24       004214
__ptext25                                      text25       004CB0
__ptext26                                      text26       003056
__ptext27                                      text27       004732
__ptext28                                      text28       004950
__ptext29                                      text29       0048AA
__ptext3                                       text3        002F0C
__ptext30                                      text30       0032BA
__ptext31                                      text31       002652
__ptext32                                      text32       004562
__ptext33                                      text33       004AD4
__ptext34                                      text34       003A26
__ptext35                                      text35       004EDA
__ptext36                                      text36       004BEE
__ptext37                                      text37       003EC4
__ptext38                                      text38       003C84
__ptext39                                      text39       002982
__ptext4                                       text4        004EA6
__ptext41                                      text41       004E76
__ptext42                                      text42       004E9E
__ptext43                                      text43       004E84
__ptext44                                      text44       004CEC
__ptext45                                      text45       003640
__ptext46                                      text46       003188
__ptext47                                      text47       004850
__ptext48                                      text48       004A88
__ptext49                                      text49       0049A0
__ptext5                                       text5        004ED8
__ptext50                                      text50       0033E8
__ptext51                                      text51       0027EC
__ptext52                                      text52       0045E0
__ptext53                                      text53       004BAA
__ptext54                                      text54       003AF2
__ptext55                                      text55       004EDC
__ptext56                                      text56       004C70
__ptext57                                      text57       003F76
__ptext58                                      text58       003D4A
__ptext59                                      text59       002AFA
__ptext6                                       text6        0040D2
__ptext60                                      text60       004EDE
__ptext61                                      text61       004DEC
__ptext62                                      text62       004E06
__ptext63                                      text63       004E20
__ptext64                                      text64       004E3A
__ptext65                                      text65       004EB8
__ptext66                                      text66       004EBC
__ptext67                                      text67       004EC0
__ptext68                                      text68       004EC4
__ptext69                                      text69       004EC8
__ptext7                                       text7        004C30
__ptext70                                      text70       004D92
__ptext71                                      text71       004EE0
__ptext72                                      text72       00445C
__ptext73                                      text73       00221C
__ptext74                                      text74       004B1C
__ptext75                                      text75       004794
__ptext76                                      text76       004B64
__ptext77                                      text77       004026
__ptext78                                      text78       0042AE
__ptext79                                      text79       00433E
__ptext8                                       text8        0047F6
__ptext80                                      text80       004D5C
__ptext81                                      text81       003514
__ptext82                                      text82       004EAC
__ptext83                                      text83       004EB2
__ptext84                                      text84       004E54
__ptext85                                      text85       004DC2
__ptext86                                      text86       004ECC
__ptext87                                      text87       004ED0
__ptext88                                      text88       004ED4
__ptext89                                      text89       000000
__ptext9                                       text9        0044E2
__ramtop                                       ramtop       001000
__smallconst                                   smallconst   001000
_abs                                           text36       004BEE
_application_initialize                        text4        004EA6
_convert_uint8_to_string                       text27       004732
_dbuf                                          bssBANK1     000126
_dtoa                                          text31       002652
_dtoa$4907                                     cstackBANK0  00009F
_ecu_layer_initialize                          text5        004ED8
_flags                                         bssCOMRAM    000063
_fputc                                         text34       003A26
_fputs                                         text33       004AD4
_gpio_pin_direction_intialize                  text3        002F0C
_gpio_pin_intialize                            text2        00465A
_gpio_pin_write_logic                          text26       003056
_hours_ones                                    bssCOMRAM    00006A
_hours_ones_conv                               dataBANK0    0000FE
_hours_tens                                    bssCOMRAM    00006B
_hours_tens_conv                               dataBANK0    0000FF
_keypad_btn_values                             smallconst   001001
_lat_registers                                 dataBANK1    000158
_lcd_8bit_initialize                           text1        002DC0
_lcd_8bit_send_char_data                       text24       004214
_lcd_8bit_send_char_data_pos                   text21       004A3C
_lcd_8bit_send_command                         text23       00417A
_lcd_8bit_send_string                          text20       0046CC
_lcd_8bit_send_string_pos                      text19       0049F0
_lcd_8bits_send_enable_signal                  text25       004CB0
_lcd_8bits_set_cursor                          text22       003E0E
_lcd_obj                                       dataBANK0    0000F0
_main                                          text0        003BBC
_memset                                        text39       002982
_mintues_ones                                  bssCOMRAM    000068
_mintues_ones_conv                             dataBANK0    0000FC
_mintues_tens                                  bssCOMRAM    000069
_mintues_tens_conv                             dataBANK0    0000FD
_my_data                                       bssBANK1     000146
_pad                                           text32       004562
_port_registers                                dataBANK1    00014E
_prec                                          bssBANK0     0000D8
_putch                                         text35       004EDA
_senconds_ones                                 bssCOMRAM    000066
_senconds_ones_conv                            dataBANK0    0000FA
_senconds_tens                                 bssCOMRAM    000067
_senconds_tens_conv                            dataBANK0    0000FB
_sprintf                                       text28       004950
_timer0_preload                                bssBANK0     0000E6
_timer1_preload                                bssBANK0     0000E4
_timer2_preload                                bssCOMRAM    00006C
_timer3_preload                                bssBANK0     0000E2
_tmr0_obj                                      dataBANK1    00017E
_tris_registers                                dataBANK1    000162
_usart_obj                                     dataBANK1    00016C
_vfpfcnvrt                                     text30       0032BA
_vfprintf                                      text29       0048AA
_width                                         bssBANK0     0000D6
abs@a                                          cstackBANK0  000086
[...]
i2___awdiv                                     text58       003D4A
i2___awdiv@counter                             cstackCOMRAM 000005
i2___awdiv@dividend                            cstackCOMRAM 000001
i2___awdiv@divisor                             cstackCOMRAM 000003
i2___awdiv@quotient                            cstackCOMRAM 000007
i2___awdiv@sign                                cstackCOMRAM 000006
i2___awmod                                     text57       003F76
i2___awmod@counter                             cstackCOMRAM 000005
i2___awmod@dividend                            cstackCOMRAM 000001
i2___awmod@divisor                             cstackCOMRAM 000003
i2___awmod@sign                                cstackCOMRAM 000006
i2_abs                                         text56       004C70
i2_convert_uint8_to_string                     text47       004850
i2_dtoa                                        text51       0027EC
i2_dtoa$4907                                   cstackCOMRAM 000020
i2_fputc                                       text54       003AF2
i2_fputs                                       text53       004BAA
i2_gpio_pin_write_logic                        text81       003514
i2_lcd_8bit_send_char_data                     text79       00433E
i2_lcd_8bit_send_char_data_pos                 text76       004B64
i2_lcd_8bit_send_command                       text78       0042AE
i2_lcd_8bit_send_string                        text75       004794
i2_lcd_8bit_send_string_pos                    text74       004B1C
i2_lcd_8bits_send_enable_signal                text80       004D5C
i2_lcd_8bits_set_cursor                        text77       004026
i2_memset                                      text59       002AFA
i2_pad                                         text52       0045E0
i2_putch                                       text55       004EDC
i2_sprintf                                     text48       004A88
i2_vfpfcnvrt                                   text50       0033E8
i2_vfprintf                                    text49       0049A0
i2abs@a                                        cstackCOMRAM 000007
i2convert_uint8_to_string@ret                  cstackCOMRAM 000056
i2convert_uint8_to_string@str                  cstackCOMRAM 000053
i2convert_uint8_to_string@value                cstackCOMRAM 000055
i2dtoa@d                                       cstackCOMRAM 00001E
i2dtoa@fp                                      cstackCOMRAM 00001C
i2dtoa@i                                       cstackCOMRAM 000026
i2dtoa@p                                       cstackCOMRAM 000022
i2dtoa@s                                       cstackCOMRAM 000028
i2dtoa@w                                       cstackCOMRAM 000024
i2fputc@c                                      cstackCOMRAM 000001
i2fputc@fp                                     cstackCOMRAM 000003
i2fputs@c                                      cstackCOMRAM 00000E
i2fputs@fp                                     cstackCOMRAM 00000C
i2fputs@i                                      cstackCOMRAM 00000F
i2fputs@s                                      cstackCOMRAM 00000A
i2gpio_pin_write_logic@_pin_config             cstackCOMRAM 000001
i2gpio_pin_write_logic@logic                   cstackCOMRAM 000003
i2gpio_pin_write_logic@ret                     cstackCOMRAM 00000A
i2lcd_8bit_send_char_data@data                 cstackCOMRAM 000010
i2lcd_8bit_send_char_data@l_8bits_counter      cstackCOMRAM 000016
i2lcd_8bit_send_char_data@lcd                  cstackCOMRAM 00000E
i2lcd_8bit_send_char_data@ret                  cstackCOMRAM 000015
i2lcd_8bit_send_char_data_pos@column           cstackCOMRAM 000021
i2lcd_8bit_send_char_data_pos@data             cstackCOMRAM 000022
i2lcd_8bit_send_char_data_pos@lcd              cstackCOMRAM 00001E
i2lcd_8bit_send_char_data_pos@ret              cstackCOMRAM 000023
i2lcd_8bit_send_char_data_pos@row              cstackCOMRAM 000020
i2lcd_8bit_send_command@command                cstackCOMRAM 000010
i2lcd_8bit_send_command@l_8bits_counter        cstackCOMRAM 000016
i2lcd_8bit_send_command@lcd                    cstackCOMRAM 00000E
i2lcd_8bit_send_command@ret                    cstackCOMRAM 000015
i2lcd_8bit_send_string@lcd                     cstackCOMRAM 000017
i2lcd_8bit_send_string@ret                     cstackCOMRAM 00001B
i2lcd_8bit_send_string@str                     cstackCOMRAM 000019
i2lcd_8bit_send_string_pos@column              cstackCOMRAM 000021
i2lcd_8bit_send_string_pos@lcd                 cstackCOMRAM 00001E
i2lcd_8bit_send_string_pos@ret                 cstackCOMRAM 000024
i2lcd_8bit_send_string_pos@row                 cstackCOMRAM 000020
i2lcd_8bit_send_string_pos@str                 cstackCOMRAM 000022
i2lcd_8bits_send_enable_signal@lcd             cstackCOMRAM 00000B
i2lcd_8bits_send_enable_signal@ret             cstackCOMRAM 00000D
i2lcd_8bits_set_cursor@column                  cstackCOMRAM 00001A
i2lcd_8bits_set_cursor@lcd                     cstackCOMRAM 000017
i2lcd_8bits_set_cursor@ret                     cstackCOMRAM 00001D
i2lcd_8bits_set_cursor@row                     cstackCOMRAM 000019
i2memset@c                                     cstackCOMRAM 000003
i2memset@dest                                  cstackCOMRAM 000001
i2memset@k                                     cstackCOMRAM 000009
i2memset@n                                     cstackCOMRAM 000005
i2memset@s                                     cstackCOMRAM 00000B
i2pad@buf                                      cstackCOMRAM 000013
i2pad@fp                                       cstackCOMRAM 000011
i2pad@i                                        cstackCOMRAM 000018
i2pad@p                                        cstackCOMRAM 000015
i2pad@w                                        cstackCOMRAM 00001A
i2sprintf@ap                                   cstackCOMRAM 000045
i2sprintf@f                                    cstackCOMRAM 000047
i2sprintf@fmt                                  cstackCOMRAM 000041
i2sprintf@s                                    cstackCOMRAM 00003F
i2vfpfcnvrt@ap                                 cstackCOMRAM 00002D
i2vfpfcnvrt@convarg                            cstackCOMRAM 000031
i2vfpfcnvrt@cp                                 cstackCOMRAM 000035
i2vfpfcnvrt@fmt                                cstackCOMRAM 00002B
i2vfpfcnvrt@fp                                 cstackCOMRAM 000029
i2vfprintf@ap                                  cstackCOMRAM 00003B
i2vfprintf@cfmt                                cstackCOMRAM 00003D
i2vfprintf@fmt                                 cstackCOMRAM 000039
i2vfprintf@fp                                  cstackCOMRAM 000037
int$flags                                      temp         00007F
int_func                                       intcode_body 001A1A
intlevel0                                      text         000000
intlevel1                                      text         000000
intlevel2                                      text         000000
intlevel3                                      text         000000
isa$std                                        (abs)        000001
isa$xinst                                      (abs)        000000
lcd_8bit_initialize@l_data_pins_counter        cstackBANK0  00009A
lcd_8bit_initialize@lcd                        cstackBANK0  000096
lcd_8bit_initialize@ret                        cstackBANK0  00009B
lcd_8bit_send_char_data@data                   cstackBANK0  00008F
lcd_8bit_send_char_data@l_8bits_counter        cstackBANK0  000095
lcd_8bit_send_char_data@lcd                    cstackBANK0  00008D
lcd_8bit_send_char_data@ret                    cstackBANK0  000094
lcd_8bit_send_char_data_pos@column             cstackBANK0  0000A0
lcd_8bit_send_char_data_pos@data               cstackBANK0  0000A1
lcd_8bit_send_char_data_pos@lcd                cstackBANK0  00009D
lcd_8bit_send_char_data_pos@ret                cstackBANK0  0000A2
lcd_8bit_send_char_data_pos@row                cstackBANK0  00009F
lcd_8bit_send_command@command                  cstackBANK0  00008F
lcd_8bit_send_command@l_8bits_counter          cstackBANK0  000095
lcd_8bit_send_command@lcd                      cstackBANK0  00008D
lcd_8bit_send_command@ret                      cstackBANK0  000094
lcd_8bit_send_string@lcd                       cstackBANK0  000096
lcd_8bit_send_string@ret                       cstackBANK0  00009A
lcd_8bit_send_string@str                       cstackBANK0  000098
lcd_8bit_send_string_pos@column                cstackBANK0  0000A0
lcd_8bit_send_string_pos@lcd                   cstackBANK0  00009D
lcd_8bit_send_string_pos@ret                   cstackBANK0  0000A3
lcd_8bit_send_string_pos@row                   cstackBANK0  00009F
lcd_8bit_send_string_pos@str                   cstackBANK0  0000A1
lcd_8bits_send_enable_signal@lcd               cstackBANK0  00008A
lcd_8bits_send_enable_signal@ret               cstackBANK0  00008C
lcd_8bits_set_cursor@column                    cstackBANK0  000099
lcd_8bits_set_cursor@lcd                       cstackBANK0  000096
lcd_8bits_set_cursor@ret                       cstackBANK0  00009C
lcd_8bits_set_cursor@row                       cstackBANK0  000098
led_initialize@F3204                           bssCOMRAM    000073
led_turn_off@F3214                             bssCOMRAM    000071
led_turn_on@F3209                              bssCOMRAM    000072
led_turn_toggle@F3219                          bssCOMRAM    000070
memset@c                                       cstackBANK0  000082
memset@dest                                    cstackBANK0  000080
memset@k                                       cstackBANK0  000088
memset@n                                       cstackBANK0  000084
memset@s                                       cstackBANK0  00008A
pad@buf                                        cstackBANK0  000092
pad@fp                                         cstackBANK0  000090
pad@i                                          cstackBANK0  000097
pad@p                                          cstackBANK0  000094
pad@w                                          cstackBANK0  000099
relay_initialize@F3198                         bssCOMRAM    00006F
relay_turn_off@F3208                           bssCOMRAM    00006D
relay_turn_on@F3203                            bssCOMRAM    00006E
sprintf@ap                                     cstackBANK0  0000C4
sprintf@f                                      cstackBANK0  0000C6
sprintf@fmt                                    cstackBANK0  0000C0
sprintf@s                                      cstackBANK0  0000BE
stackhi                                        (abs)        000000
stacklo                                        (abs)        000000
start                                          init         00000E
start_initialization                           cinit        0043CE
ttemp5                                         temp         000080
ttemp6                                         temp         000083
ttemp7                                         temp         000087
vfpfcnvrt@ap                                   cstackBANK0  0000AC
vfpfcnvrt@convarg                              cstackBANK0  0000B0
vfpfcnvrt@cp                                   cstackBANK0  0000B4
vfpfcnvrt@fmt                                  cstackBANK0  0000AA
vfpfcnvrt@fp                                   cstackBANK0  0000A8
vfprintf@ap                                    cstackBANK0  0000BA
vfprintf@cfmt                                  cstackBANK0  0000BC
vfprintf@fmt                                   cstackBANK0  0000B8
vfprintf@fp                                    cstackBANK0  0000B6
wtemp8                                         temp         000080


MODULE INFORMATION

Module		Function		Class		Link	Load	Size
C:\Program Files\Microchip\xc8\v2.41\pic\sources\c99\common\awmod.c
		___awmod       		CODE           	3EC4	0000	178

C:\Program Files\Microchip\xc8\v2.41\pic\sources\c99\common\awmod.c estimated size: 178

C:\Program Files\Microchip\xc8\v2.41\pic\sources\c99\common\fltol.c
		___fltol       		CODE           	374A	0000	264

C:\Program Files\Microchip\xc8\v2.41\pic\sources\c99\common\fltol.c estimated size: 264

C:\Program Files\Microchip\xc8\v2.41\pic\sources\c99\common\xxtofl.c
		___xxtofl      		CODE           	249A	0000	440

C:\Program Files\Microchip\xc8\v2.41\pic\sources\c99\common\xxtofl.c estimated size: 440

C:\Program Files\Microchip\xc8\v2.41\pic\sources\c99\common\nf_fputc.c
		_fputc         		CODE           	3A26	0000	204

C:\Program Files\Microchip\xc8\v2.41\pic\sources\c99\common\nf_fputc.c estimated size: 204

C:\Program Files\Microchip\xc8\v2.41\pic\sources\c99\common\memset.c
		_memset        		CODE           	2982	0000	376

C:\Program Files\Microchip\xc8\v2.41\pic\sources\c99\common\memset.c estimated size: 376

C:\Program Files\Microchip\xc8\v2.41\pic\sources\c99\common\nf_sprintf.c
		_sprintf       		CODE           	4950	0000	80

C:\Program Files\Microchip\xc8\v2.41\pic\sources\c99\common\nf_sprintf.c estimated size: 80

C:\Program Files\Microchip\xc8\v2.41\pic\sources\c99\common\sprcadd.c
		___fladd       		CODE           	1558	0000	1218

C:\Program Files\Microchip\xc8\v2.41\pic\sources\c99\common\sprcadd.c estimated size: 1218

MCAL_Layer/SPI/hal_spi.c
		_SPI_ISR       		CODE           	4EDE	0000	2

MCAL_Layer/SPI/hal_spi.c estimated size: 2

C:\Program Files\Microchip\xc8\v2.41\pic\sources\c99\common\awdiv.c
		___awdiv       		CODE           	3C84	0000	198

C:\Program Files\Microchip\xc8\v2.41\pic\sources\c99\common\awdiv.c estimated size: 198

ECU_Layer/Chr_LCD/ecu_chr_lcd.c
		_lcd_8bit_send_char_data_pos		CODE           	4A3C	0000	76
		_lcd_8bits_send_enable_signal		CODE           	4CB0	0000	60
		_lcd_8bit_initialize		CODE           	2DC0	0000	332
		_lcd_8bit_send_string		CODE           	46CC	0000	102
		_lcd_8bits_set_cursor		CODE           	3E0E	0000	182
		_lcd_8bit_send_command		CODE           	417A	0000	154
		_lcd_8bit_send_string_pos		CODE           	49F0	0000	76
		_convert_uint8_to_string		CODE           	4732	0000	98
		_lcd_8bit_send_char_data		CODE           	4214	0000	154

ECU_Layer/Chr_LCD/ecu_chr_lcd.c estimated size: 1234

MCAL_Layer/I2C/hal_i2c.c
		_I2C_ISR       		CODE           	4EC4	0000	4
		_I2C_BC_ISR    		CODE           	4EC8	0000	4

MCAL_Layer/I2C/hal_i2c.c estimated size: 8

C:\Program Files\Microchip\xc8\v2.41\pic\sources\c99\common\abs.c
		_abs           		CODE           	4BEE	0000	66

C:\Program Files\Microchip\xc8\v2.41\pic\sources\c99\common\abs.c estimated size: 66

C:\Program Files\Microchip\xc8\v2.41\pic\sources\c99\common\doprnt.c
		_vfpfcnvrt     		CODE           	32BA	0000	302
		_pad           		CODE           	4562	0000	126
		_dtoa          		CODE           	2652	0000	410
		_vfprintf      		CODE           	48AA	0000	84

C:\Program Files\Microchip\xc8\v2.41\pic\sources\c99\common\doprnt.c estimated size: 922

shared
		_keypad_btn_values		SMALLCONST     	1001	0000	16
		i2_vfpfcnvrt   		CODE           	33E8	0000	300
		i2_lcd_8bits_set_cursor		CODE           	4026	0000	172
		i2_pad         		CODE           	45E0	0000	122
		i2_abs         		CODE           	4C70	0000	64
		i2_lcd_8bit_send_char_data		CODE           	433E	0000	144
		i2_putch       		CODE           	4EDC	0000	2
		i2_lcd_8bit_send_command		CODE           	42AE	0000	144
		i2_lcd_8bit_send_char_data_pos		CODE           	4B64	0000	70
		i2_vfprintf    		CODE           	49A0	0000	80
		i2_lcd_8bit_send_string		CODE           	4794	0000	98
		i2___awdiv     		CODE           	3D4A	0000	196
		i2_lcd_8bits_send_enable_signal		CODE           	4D5C	0000	54
		i2_dtoa        		CODE           	27EC	0000	406
		i2_convert_uint8_to_string		CODE           	4850	0000	90
		__initialization		CODE           	43CE	0000	132
		i2___awmod     		CODE           	3F76	0000	176
		i2_gpio_pin_write_logic		CODE           	3514	0000	300
		i2_sprintf     		CODE           	4A88	0000	76
		i2_lcd_8bit_send_string_pos		CODE           	4B1C	0000	72
		i2_fputc       		CODE           	3AF2	0000	202
		i2_fputs       		CODE           	4BAA	0000	68
		i2_memset      		CODE           	2AFA	0000	374
		i2_Clock_write_digits		CODE           	3188	0000	306

shared estimated size: 3664

MCAL_Layer/Interrupt/mcal_external_interrupt.c
		_RB4_ISR       		CODE           	4E3A	0000	26
		_RB5_ISR       		CODE           	4E20	0000	26
		_RB6_ISR       		CODE           	4E06	0000	26
		_RB7_ISR       		CODE           	4DEC	0000	26
		_INT0_ISR      		CODE           	4EC0	0000	4
		_INT1_ISR      		CODE           	4EBC	0000	4
		_INT2_ISR      		CODE           	4EB8	0000	4

MCAL_Layer/Interrupt/mcal_external_interrupt.c estimated size: 116

MCAL_Layer/ADC/hal_adc.c
		_ADC_ISR       		CODE           	4ED4	0000	4

MCAL_Layer/ADC/hal_adc.c estimated size: 4

MCAL_Layer/Interrupt/mcal_interrupt_manager.c
		_InterruptManager		CODE           	0008	0000	1132

MCAL_Layer/Interrupt/mcal_interrupt_manager.c estimated size: 1132

MCAL_Layer/GPIO/hal_gpio.c
		_gpio_pin_write_logic		CODE           	3056	0000	306
		_gpio_pin_intialize		CODE           	465A	0000	114
		_gpio_pin_direction_intialize		CODE           	2F0C	0000	330

MCAL_Layer/GPIO/hal_gpio.c estimated size: 750

MCAL_Layer/USART/hal_usart.c
		_EUSART_BaudRate_Calculations		CODE           	1050	0000	1288
		_EUSART_RX_ISR 		CODE           	445C	0000	134
		_EUSART_TX_ISR 		CODE           	4D92	0000	48
		_EUSART_ASYNC_Init		CODE           	48FE	0000	82
		_EUSART_ASYNC_Rx_Init		CODE           	3852	0000	254
		_EUSART_ASYNC_Tx_Init		CODE           	3950	0000	214
		_EUSART_ASYNC_Rx_Restart		CODE           	4EB2	0000	6
		_EUSART_ASYNC_ReadByte_WithOutBlocking		CODE           	4DC2	0000	42

MCAL_Layer/USART/hal_usart.c estimated size: 2068

C:\Program Files\Microchip\xc8\v2.41\pic\sources\c99\common\putch.c
		_putch         		CODE           	4EDA	0000	2

C:\Program Files\Microchip\xc8\v2.41\pic\sources\c99\common\putch.c estimated size: 2

ECU_Layer/ecu_layer_init.c
		_ecu_layer_initialize		CODE           	4ED8	0000	2

ECU_Layer/ecu_layer_init.c estimated size: 2

C:\Program Files\Microchip\xc8\v2.41\pic\sources\c99\common\nf_fputs.c
		_fputs         		CODE           	4AD4	0000	72

C:\Program Files\Microchip\xc8\v2.41\pic\sources\c99\common\nf_fputs.c estimated size: 72

application.c
		_Clock_write_digits		CODE           	2C70	0000	336
		_Overrun_error_int_solution_func		CODE           	4EAC	0000	6
		_application_initialize		CODE           	4EA6	0000	6
		_main          		CODE           	3BBC	0000	200
		_TMR0_int_handler		CODE           	3640	0000	266
		_Framing_error_int_solution_func		CODE           	4E54	0000	18
		_Rx_int_func   		CODE           	221C	0000	638
		_Tx_int_func   		CODE           	4EE0	0000	2

application.c estimated size: 1472

MCAL_Layer/Timer3/hal_timer3.c
		_TMR3_ISR      		CODE           	4E76	0000	14

MCAL_Layer/Timer3/hal_timer3.c estimated size: 14

MCAL_Layer/Timer2/hal_timer2.c
		_TMR2_ISR      		CODE           	4E9E	0000	8

MCAL_Layer/Timer2/hal_timer2.c estimated size: 8

MCAL_Layer/Timer1/hal_timer1.c
		_TMR1_ISR      		CODE           	4E84	0000	14

MCAL_Layer/Timer1/hal_timer1.c estimated size: 14

MCAL_Layer/Timer0/hal_timer0.c
		_Timer0_Register_Size_config		CODE           	4C30	0000	64
		_Timer0_Prescaler_config		CODE           	47F6	0000	90
		_Timer0_Mode_config		CODE           	44E2	0000	128
		_TIMER0_Init   		CODE           	40D2	0000	168
		_TMR0_ISR      		CODE           	4CEC	0000	56

MCAL_Layer/Timer0/hal_timer0.c estimated size: 506

MCAL_Layer/CCP/hal_ccp.c
		_CCP1_ISR      		CODE           	4ED0	0000	4
		_CCP2_ISR      		CODE           	4ECC	0000	4

MCAL_Layer/CCP/hal_ccp.c estimated size: 8

C:\Program Files\Microchip\xc8\v2.41\pic\sources\c99\common\sprcdiv.c
		___fldiv       		CODE           	1E80	0000	924

C:\Program Files\Microchip\xc8\v2.41\pic\sources\c99\common\sprcdiv.c estimated size: 924

